// Vitest Snapshot v1, https://vitest.dev/guide/snapshot.html

exports[`simulation determinism (golden regression) > matches the golden behavior snapshot 1`] = `
{
  "final": {
    "counts": {
      "fx": 0,
      "projectiles": 0,
      "zones": 0,
    },
    "phase": "playing",
    "players": [
      {
        "alive": true,
        "cd": {
          "basic": 0,
          "evade": 0,
          "skill1": 0,
          "skill2": 8.19,
          "ultimate": 2.476,
        },
        "effects": [],
        "facing": -1.571,
        "hp": 67.105,
        "id": "p0",
        "kills": 1,
        "mana": 14.9,
        "shield": 203.5,
        "ult": 50.053,
        "x": 1101.641,
        "y": 754.053,
      },
      {
        "alive": false,
        "cd": {
          "basic": 0.219,
          "evade": 0,
          "skill1": 0.714,
          "skill2": 7.667,
          "ultimate": 0,
        },
        "effects": [],
        "facing": 0,
        "hp": 0,
        "id": "p1",
        "kills": 0,
        "mana": 69.1,
        "shield": 0,
        "ult": 91.654,
        "x": 1301.073,
        "y": 775.827,
      },
      {
        "alive": false,
        "cd": {
          "basic": 0.245,
          "evade": 0,
          "skill1": 0.524,
          "skill2": 2.905,
          "ultimate": 0,
        },
        "effects": [
          "burn",
          "slow",
        ],
        "facing": 1.571,
        "hp": 0,
        "id": "p2",
        "kills": 0,
        "mana": 23.5,
        "shield": 0,
        "ult": 49.444,
        "x": 1283.917,
        "y": 868.472,
      },
      {
        "alive": true,
        "cd": {
          "basic": 0.026,
          "evade": 0,
          "skill1": 6.762,
          "skill2": 0,
          "ultimate": 9.048,
        },
        "effects": [
          "protect",
          "reflect",
        ],
        "facing": -1.571,
        "hp": 453.11,
        "id": "p3",
        "kills": 1,
        "mana": 22.8,
        "shield": 280,
        "ult": 29.533,
        "x": 1178.815,
        "y": 829.731,
      },
      {
        "alive": false,
        "cd": {
          "basic": 0.171,
          "evade": 0,
          "skill1": 0,
          "skill2": 0,
          "ultimate": 0,
        },
        "effects": [],
        "facing": 3.142,
        "hp": 0,
        "id": "p4",
        "kills": 1,
        "mana": 24.7,
        "shield": 0,
        "ult": 94.195,
        "x": 1177.946,
        "y": 720.85,
      },
      {
        "alive": false,
        "cd": {
          "basic": 0,
          "evade": 0,
          "skill1": 6.555,
          "skill2": 0,
          "ultimate": 0,
        },
        "effects": [
          "slow",
        ],
        "facing": -0.785,
        "hp": 0,
        "id": "p5",
        "kills": 1,
        "mana": 24.6,
        "shield": 0,
        "ult": 94.846,
        "x": 1154.924,
        "y": 765.544,
      },
    ],
    "time": 30,
    "winner": null,
  },
  "trail": [
    {
      "counts": {
        "fx": 14,
        "projectiles": 5,
        "zones": 0,
      },
      "phase": "playing",
      "players": [
        {
          "alive": true,
          "cd": {
            "basic": 0,
            "evade": 1.119,
            "skill1": 7.619,
            "skill2": 9.619,
            "ultimate": 0,
          },
          "effects": [],
          "facing": 3.142,
          "hp": 300,
          "id": "p0",
          "kills": 0,
          "mana": 7.9,
          "shield": 0,
          "ult": 8,
          "x": 1168.095,
          "y": 692.278,
        },
        {
          "alive": true,
          "cd": {
            "basic": 0.171,
            "evade": 1.738,
            "skill1": 4.952,
            "skill2": 7.143,
            "ultimate": 0,
          },
          "effects": [],
          "facing": 2.356,
          "hp": 170,
          "id": "p1",
          "kills": 0,
          "mana": 52.2,
          "shield": 0,
          "ult": 8,
          "x": 1541.295,
          "y": 681.249,
        },
        {
          "alive": true,
          "cd": {
            "basic": 0.007,
            "evade": 2.357,
            "skill1": 6.286,
            "skill2": 8.667,
            "ultimate": 0,
          },
          "effects": [
            "evading",
            "invis",
            "lifesteal",
          ],
          "facing": 3.142,
          "hp": 190,
          "id": "p2",
          "kills": 0,
          "mana": 11.5,
          "shield": 0,
          "ult": 8,
          "x": 1223.996,
          "y": 799.271,
        },
        {
          "alive": true,
          "cd": {
            "basic": 0.312,
            "evade": 0,
            "skill1": 9.619,
            "skill2": 0,
            "ultimate": 0,
          },
          "effects": [
            "reflect",
          ],
          "facing": -1.571,
          "hp": 480,
          "id": "p3",
          "kills": 0,
          "mana": 45.8,
          "shield": 280,
          "ult": 8,
          "x": 1200,
          "y": 1270.101,
        },
        {
          "alive": true,
          "cd": {
            "basic": 0.457,
            "evade": 0,
            "skill1": 6.952,
            "skill2": 0,
            "ultimate": 0,
          },
          "effects": [],
          "facing": -0.785,
          "hp": 200,
          "id": "p4",
          "kills": 0,
          "mana": 95.1,
          "shield": 0,
          "ult": 8,
          "x": 789.085,
          "y": 988.371,
        },
        {
          "alive": true,
          "cd": {
            "basic": 0.412,
            "evade": 0,
            "skill1": 0,
            "skill2": 0,
            "ultimate": 0,
          },
          "effects": [],
          "facing": 0.785,
          "hp": 290,
          "id": "p5",
          "kills": 0,
          "mana": 50,
          "shield": 0,
          "ult": 8,
          "x": 789.249,
          "y": 611.792,
        },
      ],
      "time": 1,
      "winner": null,
    },
    {
      "counts": {
        "fx": 13,
        "projectiles": 5,
        "zones": 2,
      },
      "phase": "playing",
      "players": [
        {
          "alive": true,
          "cd": {
            "basic": 0.312,
            "evade": 0,
            "skill1": 6.19,
            "skill2": 8.19,
            "ultimate": 0,
          },
          "effects": [],
          "facing": 3.142,
          "hp": 295.451,
          "id": "p0",
          "kills": 0,
          "mana": 10.9,
          "shield": 0,
          "ult": 16.742,
          "x": 1192.671,
          "y": 730.879,
        },
        {
          "alive": true,
          "cd": {
            "basic": 0.457,
            "evade": 0.31,
            "skill1": 3.524,
            "skill2": 5.714,
            "ultimate": 0,
          },
          "effects": [],
          "facing": 2.356,
          "hp": 170,
          "id": "p1",
          "kills": 0,
          "mana": 55.2,
          "shield": 0,
          "ult": 16,
          "x": 1429.572,
          "y": 792.971,
        },
        {
          "alive": true,
          "cd": {
            "basic": 0.292,
            "evade": 0.929,
            "skill1": 4.857,
            "skill2": 7.238,
            "ultimate": 0,
          },
          "effects": [
            "lifesteal",
            "slow",
          ],
          "facing": 3.142,
          "hp": 184.414,
          "id": "p2",
          "kills": 0,
          "mana": 14.5,
          "shield": 0,
          "ult": 16.228,
          "x": 1211.837,
          "y": 886.443,
        },
        {
          "alive": true,
          "cd": {
            "basic": 0,
            "evade": 0,
            "skill1": 8.19,
            "skill2": 10.762,
            "ultimate": 0,
          },
          "effects": [
            "reflect",
          ],
          "facing": -1.571,
          "hp": 480,
          "id": "p3",
          "kills": 0,
          "mana": 18.8,
          "shield": 261.348,
          "ult": 16.371,
          "x": 1198.775,
          "y": 934.788,
        },
        {
          "alive": true,
          "cd": {
            "basic": 0,
            "evade": 2.167,
            "skill1": 5.524,
            "skill2": 10.286,
            "ultimate": 0,
          },
          "effects": [
            "evading",
            "haste",
          ],
          "facing": -0.785,
          "hp": 200,
          "id": "p4",
          "kills": 0,
          "mana": 58.1,
          "shield": 0,
          "ult": 16.16,
          "x": 965.969,
          "y": 811.487,
        },
        {
          "alive": true,
          "cd": {
            "basic": 0,
            "evade": 0,
            "skill1": 5.857,
            "skill2": 9.809,
            "ultimate": 0,
          },
          "effects": [
            "burn",
            "lifesteal",
            "rage",
            "slow",
          ],
          "facing": -0.785,
          "hp": 277.665,
          "id": "p5",
          "kills": 0,
          "mana": 32.4,
          "shield": 0,
          "ult": 16.501,
          "x": 1062.909,
          "y": 814.239,
        },
      ],
      "time": 2,
      "winner": null,
    },
    {
      "counts": {
        "fx": 23,
        "projectiles": 3,
        "zones": 1,
      },
      "phase": "playing",
      "players": [
        {
          "alive": true,
          "cd": {
            "basic": 0,
            "evade": 0,
            "skill1": 4.762,
            "skill2": 6.762,
            "ultimate": 0,
          },
          "effects": [
            "burn",
          ],
          "facing": 3.142,
          "hp": 287.851,
          "id": "p0",
          "kills": 0,
          "mana": 13.9,
          "shield": 0,
          "ult": 25.286,
          "x": 1204.208,
          "y": 729.37,
        },
        {
          "alive": true,
          "cd": {
            "basic": 0,
            "evade": 0,
            "skill1": 2.095,
            "skill2": 4.286,
            "ultimate": 0,
          },
          "effects": [
            "burn",
          ],
          "facing": 3.142,
          "hp": 162,
          "id": "p1",
          "kills": 0,
          "mana": 58.2,
          "shield": 0,
          "ult": 24.32,
          "x": 1306.521,
          "y": 864.476,
        },
        {
          "alive": true,
          "cd": {
            "basic": 0,
            "evade": 0,
            "skill1": 3.429,
            "skill2": 5.81,
            "ultimate": 0,
          },
          "effects": [
            "burn",
            "lifesteal",
          ],
          "facing": -2.356,
          "hp": 117.861,
          "id": "p2",
          "kills": 0,
          "mana": 17.5,
          "shield": 0,
          "ult": 27.043,
          "x": 1225.294,
          "y": 924.879,
        },
        {
          "alive": true,
          "cd": {
            "basic": 0,
            "evade": 0,
            "skill1": 6.762,
            "skill2": 9.333,
            "ultimate": 0,
          },
          "effects": [
            "burn",
            "overdrive",
            "reflect",
          ],
          "facing": -0.785,
          "hp": 480,
          "id": "p3",
          "kills": 0,
          "mana": 21.8,
          "shield": 225.707,
          "ult": 25.94,
          "x": 1189.35,
          "y": 926.888,
        },
        {
          "alive": true,
          "cd": {
            "basic": 0.171,
            "evade": 0.738,
            "skill1": 4.095,
            "skill2": 8.857,
            "ultimate": 0,
          },
          "effects": [
            "haste",
            "slow",
          ],
          "facing": 3.142,
          "hp": 193.497,
          "id": "p4",
          "kills": 0,
          "mana": 61.1,
          "shield": 0,
          "ult": 26.773,
          "x": 1139.956,
          "y": 884.208,
        },
        {
          "alive": true,
          "cd": {
            "basic": 0.106,
            "evade": 1.303,
            "skill1": 4.367,
            "skill2": 8.319,
            "ultimate": 0,
          },
          "effects": [
            "burn",
            "lifesteal",
            "rage",
            "slow",
          ],
          "facing": 3.142,
          "hp": 254.603,
          "id": "p5",
          "kills": 0,
          "mana": 35.4,
          "shield": 0,
          "ult": 27.805,
          "x": 1172.03,
          "y": 867.164,
        },
      ],
      "time": 3,
      "winner": null,
    },
    {
      "counts": {
        "fx": 24,
        "projectiles": 4,
        "zones": 1,
      },
      "phase": "playing",
      "players": [
        {
          "alive": true,
          "cd": {
            "basic": 0.026,
            "evade": 0,
            "skill1": 3.333,
            "skill2": 5.333,
            "ultimate": 0,
          },
          "effects": [
            "burn",
          ],
          "facing": 1.571,
          "hp": 285.351,
          "id": "p0",
          "kills": 0,
          "mana": 16.9,
          "shield": 0,
          "ult": 33.626,
          "x": 1211.897,
          "y": 724.063,
        },
        {
          "alive": true,
          "cd": {
            "basic": 0.171,
            "evade": 0,
            "skill1": 0.667,
            "skill2": 2.857,
            "ultimate": 0,
          },
          "effects": [
            "burn",
            "slow",
          ],
          "facing": -2.356,
          "hp": 134.091,
          "id": "p1",
          "kills": 0,
          "mana": 69.2,
          "shield": 0,
          "ult": 34.092,
          "x": 1322.044,
          "y": 843.899,
        },
        {
          "alive": true,
          "cd": {
            "basic": 0.007,
            "evade": 0,
            "skill1": 2,
            "skill2": 4.381,
            "ultimate": 0,
          },
          "effects": [
            "burn",
            "lifesteal",
            "slow",
          ],
          "facing": 1.571,
          "hp": 84.553,
          "id": "p2",
          "kills": 0,
          "mana": 20.5,
          "shield": 0,
          "ult": 37.855,
          "x": 1259.208,
          "y": 908.733,
        },
        {
          "alive": true,
          "cd": {
            "basic": 0.274,
            "evade": 0,
            "skill1": 5.333,
            "skill2": 7.905,
            "ultimate": 0,
          },
          "effects": [
            "burn",
            "overdrive",
            "reflect",
          ],
          "facing": 1.571,
          "hp": 480,
          "id": "p3",
          "kills": 0,
          "mana": 24.8,
          "shield": 167.039,
          "ult": 35.151,
          "x": 1195.665,
          "y": 926.811,
        },
        {
          "alive": true,
          "cd": {
            "basic": 0.457,
            "evade": 0,
            "skill1": 2.667,
            "skill2": 7.429,
            "ultimate": 0,
          },
          "effects": [
            "haste",
          ],
          "facing": 1.571,
          "hp": 197.011,
          "id": "p4",
          "kills": 0,
          "mana": 64.1,
          "shield": 0,
          "ult": 38.052,
          "x": 1146.199,
          "y": 882.133,
        },
        {
          "alive": true,
          "cd": {
            "basic": 0.405,
            "evade": 0,
            "skill1": 2.769,
            "skill2": 6.722,
            "ultimate": 0,
          },
          "effects": [
            "burn",
            "lifesteal",
            "rage",
          ],
          "facing": 1.571,
          "hp": 209.008,
          "id": "p5",
          "kills": 0,
          "mana": 38.4,
          "shield": 0,
          "ult": 38.673,
          "x": 1185.868,
          "y": 869.767,
        },
      ],
      "time": 4,
      "winner": null,
    },
    {
      "counts": {
        "fx": 25,
        "projectiles": 4,
        "zones": 1,
      },
      "phase": "playing",
      "players": [
        {
          "alive": true,
          "cd": {
            "basic": 0.312,
            "evade": 0,
            "skill1": 1.905,
            "skill2": 3.905,
            "ultimate": 0,
          },
          "effects": [],
          "facing": 1.571,
          "hp": 278.249,
          "id": "p0",
          "kills": 0,
          "mana": 19.9,
          "shield": 0,
          "ult": 42.67,
          "x": 1211.775,
          "y": 711.12,
        },
        {
          "alive": true,
          "cd": {
            "basic": 0.457,
            "evade": 0,
            "skill1": 0,
            "skill2": 1.429,
            "ultimate": 0,
          },
          "effects": [],
          "facing": 1.571,
          "hp": 127.491,
          "id": "p1",
          "kills": 0,
          "mana": 72.2,
          "shield": 0,
          "ult": 42.492,
          "x": 1321.863,
          "y": 828.323,
        },
        {
          "alive": true,
          "cd": {
            "basic": 0.292,
            "evade": 0,
            "skill1": 0.571,
            "skill2": 2.952,
            "ultimate": 0,
          },
          "effects": [
            "burn",
            "slow",
          ],
          "facing": 1.571,
          "hp": 2.886,
          "id": "p2",
          "kills": 0,
          "mana": 23.5,
          "shield": 0,
          "ult": 49.274,
          "x": 1283.917,
          "y": 868.472,
        },
        {
          "alive": true,
          "cd": {
            "basic": 0,
            "evade": 0,
            "skill1": 3.905,
            "skill2": 6.476,
            "ultimate": 0,
          },
          "effects": [
            "burn",
            "overdrive",
            "reflect",
          ],
          "facing": -2.356,
          "hp": 480,
          "id": "p3",
          "kills": 0,
          "mana": 27.8,
          "shield": 136.099,
          "ult": 44.167,
          "x": 1218.476,
          "y": 934.206,
        },
        {
          "alive": true,
          "cd": {
            "basic": 0,
            "evade": 0,
            "skill1": 1.238,
            "skill2": 6,
            "ultimate": 0,
          },
          "effects": [
            "haste",
          ],
          "facing": 1.571,
          "hp": 200,
          "id": "p4",
          "kills": 0,
          "mana": 67.1,
          "shield": 0,
          "ult": 48.509,
          "x": 1158.197,
          "y": 871.74,
        },
        {
          "alive": true,
          "cd": {
            "basic": 0,
            "evade": 0,
            "skill1": 1.054,
            "skill2": 5.006,
            "ultimate": 0,
          },
          "effects": [
            "burn",
            "lifesteal",
            "rage",
            "slow",
          ],
          "facing": 1.571,
          "hp": 181.567,
          "id": "p5",
          "kills": 0,
          "mana": 41.4,
          "shield": 0,
          "ult": 49.902,
          "x": 1165.093,
          "y": 819.79,
        },
      ],
      "time": 5,
      "winner": null,
    },
    {
      "counts": {
        "fx": 17,
        "projectiles": 4,
        "zones": 1,
      },
      "phase": "playing",
      "players": [
        {
          "alive": true,
          "cd": {
            "basic": 0,
            "evade": 0,
            "skill1": 0.476,
            "skill2": 2.476,
            "ultimate": 0,
          },
          "effects": [
            "burn",
          ],
          "facing": 1.571,
          "hp": 270.649,
          "id": "p0",
          "kills": 0,
          "mana": 22.9,
          "shield": 0,
          "ult": 51.214,
          "x": 1211.346,
          "y": 698.488,
        },
        {
          "alive": true,
          "cd": {
            "basic": 0,
            "evade": 0,
            "skill1": 0,
            "skill2": 0,
            "ultimate": 0,
          },
          "effects": [
            "slow",
          ],
          "facing": 1.571,
          "hp": 103.891,
          "id": "p1",
          "kills": 0,
          "mana": 75.2,
          "shield": 0,
          "ult": 51.572,
          "x": 1330.473,
          "y": 801.369,
        },
        {
          "alive": false,
          "cd": {
            "basic": 0.245,
            "evade": 0,
            "skill1": 0.524,
            "skill2": 2.905,
            "ultimate": 0,
          },
          "effects": [
            "burn",
            "slow",
          ],
          "facing": 1.571,
          "hp": 0,
          "id": "p2",
          "kills": 0,
          "mana": 23.5,
          "shield": 0,
          "ult": 49.444,
          "x": 1283.917,
          "y": 868.472,
        },
        {
          "alive": true,
          "cd": {
            "basic": 0,
            "evade": 0,
            "skill1": 2.476,
            "skill2": 5.048,
            "ultimate": 0,
          },
          "effects": [
            "burn",
            "overdrive",
            "reflect",
          ],
          "facing": 1.571,
          "hp": 480,
          "id": "p3",
          "kills": 0,
          "mana": 30.8,
          "shield": 120.629,
          "ult": 53.476,
          "x": 1211.622,
          "y": 898.792,
        },
        {
          "alive": true,
          "cd": {
            "basic": 0.171,
            "evade": 0,
            "skill1": 0,
            "skill2": 4.571,
            "ultimate": 0,
          },
          "effects": [
            "haste",
          ],
          "facing": 1.571,
          "hp": 200,
          "id": "p4",
          "kills": 1,
          "mana": 70.1,
          "shield": 0,
          "ult": 59.266,
          "x": 1144.95,
          "y": 851.118,
        },
        {
          "alive": true,
          "cd": {
            "basic": 0.029,
            "evade": 0,
            "skill1": 0,
            "skill2": 3.169,
            "ultimate": 0,
          },
          "effects": [
            "burn",
            "lifesteal",
            "rage",
          ],
          "facing": 1.571,
          "hp": 142.317,
          "id": "p5",
          "kills": 0,
          "mana": 44.4,
          "shield": 0,
          "ult": 59.704,
          "x": 1158.623,
          "y": 791.593,
        },
      ],
      "time": 6,
      "winner": null,
    },
    {
      "counts": {
        "fx": 29,
        "projectiles": 5,
        "zones": 1,
      },
      "phase": "playing",
      "players": [
        {
          "alive": true,
          "cd": {
            "basic": 0.026,
            "evade": 2.071,
            "skill1": 0,
            "skill2": 1.048,
            "ultimate": 0,
          },
          "effects": [
            "burn",
          ],
          "facing": 2.356,
          "hp": 241.446,
          "id": "p0",
          "kills": 0,
          "mana": 25.9,
          "shield": 0,
          "ult": 61.142,
          "x": 1209.551,
          "y": 658.051,
        },
        {
          "alive": true,
          "cd": {
            "basic": 0.171,
            "evade": 0,
            "skill1": 4.952,
            "skill2": 0,
            "ultimate": 0,
          },
          "effects": [],
          "facing": 1.571,
          "hp": 89.542,
          "id": "p1",
          "kills": 0,
          "mana": 57.2,
          "shield": 0,
          "ult": 61.722,
          "x": 1323.124,
          "y": 782.377,
        },
        {
          "alive": false,
          "cd": {
            "basic": 0.245,
            "evade": 0,
            "skill1": 0.524,
            "skill2": 2.905,
            "ultimate": 0,
          },
          "effects": [
            "burn",
            "slow",
          ],
          "facing": 1.571,
          "hp": 0,
          "id": "p2",
          "kills": 0,
          "mana": 23.5,
          "shield": 0,
          "ult": 49.444,
          "x": 1283.917,
          "y": 868.472,
        },
        {
          "alive": true,
          "cd": {
            "basic": 0.274,
            "evade": 0,
            "skill1": 1.048,
            "skill2": 3.619,
            "ultimate": 0,
          },
          "effects": [
            "burn",
            "overdrive",
            "reflect",
          ],
          "facing": 1.571,
          "hp": 480,
          "id": "p3",
          "kills": 0,
          "mana": 33.8,
          "shield": 78.979,
          "ult": 62.167,
          "x": 1219.691,
          "y": 891.513,
        },
        {
          "alive": true,
          "cd": {
            "basic": 0.457,
            "evade": 0,
            "skill1": 6.952,
            "skill2": 3.143,
            "ultimate": 0,
          },
          "effects": [
            "haste",
          ],
          "facing": 1.571,
          "hp": 157.44,
          "id": "p4",
          "kills": 1,
          "mana": 28.1,
          "shield": 0,
          "ult": 72.093,
          "x": 1147.864,
          "y": 849.257,
        },
        {
          "alive": true,
          "cd": {
            "basic": 0.397,
            "evade": 0,
            "skill1": 0,
            "skill2": 1.216,
            "ultimate": 0,
          },
          "effects": [
            "burn",
            "lifesteal",
            "rage",
            "slow",
          ],
          "facing": 1.571,
          "hp": 123.138,
          "id": "p5",
          "kills": 0,
          "mana": 47.4,
          "shield": 0,
          "ult": 71.223,
          "x": 1135.911,
          "y": 770.07,
        },
      ],
      "time": 7,
      "winner": null,
    },
    {
      "counts": {
        "fx": 14,
        "projectiles": 5,
        "zones": 0,
      },
      "phase": "playing",
      "players": [
        {
          "alive": true,
          "cd": {
            "basic": 0.312,
            "evade": 0.643,
            "skill1": 0,
            "skill2": 0,
            "ultimate": 0,
          },
          "effects": [
            "burn",
          ],
          "facing": 0,
          "hp": 238.946,
          "id": "p0",
          "kills": 0,
          "mana": 28.9,
          "shield": 0,
          "ult": 69.482,
          "x": 1212.879,
          "y": 674.377,
        },
        {
          "alive": true,
          "cd": {
            "basic": 0.457,
            "evade": 1.262,
            "skill1": 3.524,
            "skill2": 0,
            "ultimate": 0,
          },
          "effects": [],
          "facing": 0,
          "hp": 92.942,
          "id": "p1",
          "kills": 0,
          "mana": 76.2,
          "shield": 0,
          "ult": 69.922,
          "x": 1315.917,
          "y": 842.681,
        },
        {
          "alive": false,
          "cd": {
            "basic": 0.245,
            "evade": 0,
            "skill1": 0.524,
            "skill2": 2.905,
            "ultimate": 0,
          },
          "effects": [
            "burn",
            "slow",
          ],
          "facing": 1.571,
          "hp": 0,
          "id": "p2",
          "kills": 0,
          "mana": 23.5,
          "shield": 0,
          "ult": 49.444,
          "x": 1283.917,
          "y": 868.472,
        },
        {
          "alive": true,
          "cd": {
            "basic": 0,
            "evade": 2.5,
            "skill1": 0,
            "skill2": 2.19,
            "ultimate": 0,
          },
          "effects": [
            "burn",
            "evading",
            "overdrive",
            "reflect",
          ],
          "facing": 0,
          "hp": 480,
          "id": "p3",
          "kills": 0,
          "mana": 36.8,
          "shield": 68.269,
          "ult": 71.042,
          "x": 1218.952,
          "y": 886.754,
        },
        {
          "alive": true,
          "cd": {
            "basic": 0,
            "evade": 0,
            "skill1": 5.524,
            "skill2": 1.714,
            "ultimate": 0,
          },
          "effects": [
            "slow",
          ],
          "facing": 0,
          "hp": 151.691,
          "id": "p4",
          "kills": 1,
          "mana": 31.1,
          "shield": 0,
          "ult": 82.043,
          "x": 1140.776,
          "y": 871.78,
        },
        {
          "alive": true,
          "cd": {
            "basic": 0,
            "evade": 0,
            "skill1": 5.404,
            "skill2": 0,
            "ultimate": 0,
          },
          "effects": [
            "burn",
            "lifesteal",
            "rage",
            "slow",
          ],
          "facing": -0.785,
          "hp": 90.688,
          "id": "p5",
          "kills": 0,
          "mana": 30.4,
          "shield": 0,
          "ult": 80.753,
          "x": 1153.277,
          "y": 1049.677,
        },
      ],
      "time": 8,
      "winner": null,
    },
    {
      "counts": {
        "fx": 11,
        "projectiles": 3,
        "zones": 0,
      },
      "phase": "playing",
      "players": [
        {
          "alive": true,
          "cd": {
            "basic": 0,
            "evade": 0,
            "skill1": 0,
            "skill2": 0,
            "ultimate": 0,
          },
          "effects": [],
          "facing": 0,
          "hp": 236.446,
          "id": "p0",
          "kills": 0,
          "mana": 31.9,
          "shield": 0,
          "ult": 77.822,
          "x": 1199.958,
          "y": 674.53,
        },
        {
          "alive": true,
          "cd": {
            "basic": 0,
            "evade": 0,
            "skill1": 2.095,
            "skill2": 0,
            "ultimate": 0,
          },
          "effects": [
            "slow",
          ],
          "facing": 0,
          "hp": 13.201,
          "id": "p1",
          "kills": 0,
          "mana": 103.2,
          "shield": 0,
          "ult": 81.968,
          "x": 1318.591,
          "y": 798.417,
        },
        {
          "alive": false,
          "cd": {
            "basic": 0.245,
            "evade": 0,
            "skill1": 0.524,
            "skill2": 2.905,
            "ultimate": 0,
          },
          "effects": [
            "burn",
            "slow",
          ],
          "facing": 1.571,
          "hp": 0,
          "id": "p2",
          "kills": 0,
          "mana": 23.5,
          "shield": 0,
          "ult": 49.444,
          "x": 1283.917,
          "y": 868.472,
        },
        {
          "alive": true,
          "cd": {
            "basic": 0,
            "evade": 1.071,
            "skill1": 0,
            "skill2": 0.762,
            "ultimate": 0,
          },
          "effects": [
            "burn",
            "overdrive",
          ],
          "facing": 0,
          "hp": 480,
          "id": "p3",
          "kills": 0,
          "mana": 39.8,
          "shield": 0,
          "ult": 79.442,
          "x": 1284.007,
          "y": 840.466,
        },
        {
          "alive": true,
          "cd": {
            "basic": 0.171,
            "evade": 1.69,
            "skill1": 4.095,
            "skill2": 0.286,
            "ultimate": 0,
          },
          "effects": [],
          "facing": 0,
          "hp": 136.691,
          "id": "p4",
          "kills": 1,
          "mana": 34.1,
          "shield": 0,
          "ult": 91.383,
          "x": 1098.707,
          "y": 856.402,
        },
        {
          "alive": true,
          "cd": {
            "basic": 0.012,
            "evade": 2.244,
            "skill1": 3.402,
            "skill2": 0,
            "ultimate": 0,
          },
          "effects": [
            "burn",
            "evading",
            "lifesteal",
            "rage",
          ],
          "facing": 0,
          "hp": 124.28,
          "id": "p5",
          "kills": 0,
          "mana": 33.4,
          "shield": 0,
          "ult": 90.216,
          "x": 1277.323,
          "y": 875.84,
        },
      ],
      "time": 9,
      "winner": null,
    },
    {
      "counts": {
        "fx": 10,
        "projectiles": 4,
        "zones": 0,
      },
      "phase": "playing",
      "players": [
        {
          "alive": true,
          "cd": {
            "basic": 0,
            "evade": 0,
            "skill1": 7.619,
            "skill2": 0,
            "ultimate": 0,
          },
          "effects": [],
          "facing": 2.356,
          "hp": 242.446,
          "id": "p0",
          "kills": 0,
          "mana": 9.9,
          "shield": 0,
          "ult": 85.822,
          "x": 1457.248,
          "y": 756.946,
        },
        {
          "alive": false,
          "cd": {
            "basic": 0.219,
            "evade": 0,
            "skill1": 0.714,
            "skill2": 7.667,
            "ultimate": 0,
          },
          "effects": [],
          "facing": 0,
          "hp": 0,
          "id": "p1",
          "kills": 0,
          "mana": 69.1,
          "shield": 0,
          "ult": 91.654,
          "x": 1301.073,
          "y": 775.827,
        },
        {
          "alive": false,
          "cd": {
            "basic": 0.245,
            "evade": 0,
            "skill1": 0.524,
            "skill2": 2.905,
            "ultimate": 0,
          },
          "effects": [
            "burn",
            "slow",
          ],
          "facing": 1.571,
          "hp": 0,
          "id": "p2",
          "kills": 0,
          "mana": 23.5,
          "shield": 0,
          "ult": 49.444,
          "x": 1283.917,
          "y": 868.472,
        },
        {
          "alive": true,
          "cd": {
            "basic": 0.274,
            "evade": 0,
            "skill1": 9.619,
            "skill2": 0,
            "ultimate": 0,
          },
          "effects": [
            "overdrive",
            "reflect",
          ],
          "facing": 0,
          "hp": 480,
          "id": "p3",
          "kills": 0,
          "mana": 17.8,
          "shield": 280,
          "ult": 87.561,
          "x": 1245.592,
          "y": 825.764,
        },
        {
          "alive": true,
          "cd": {
            "basic": 0.457,
            "evade": 0.262,
            "skill1": 2.667,
            "skill2": 0,
            "ultimate": 0,
          },
          "effects": [],
          "facing": 0,
          "hp": 147.691,
          "id": "p4",
          "kills": 1,
          "mana": 37.1,
          "shield": 0,
          "ult": 99.483,
          "x": 1121.801,
          "y": 840.265,
        },
        {
          "alive": true,
          "cd": {
            "basic": 0.395,
            "evade": 0.281,
            "skill1": 1.438,
            "skill2": 0,
            "ultimate": 0,
          },
          "effects": [],
          "facing": 0,
          "hp": 118.578,
          "id": "p5",
          "kills": 1,
          "mana": 36.4,
          "shield": 0,
          "ult": 99.817,
          "x": 1273.815,
          "y": 789.574,
        },
      ],
      "time": 10,
      "winner": null,
    },
    {
      "counts": {
        "fx": 23,
        "projectiles": 2,
        "zones": 2,
      },
      "phase": "playing",
      "players": [
        {
          "alive": true,
          "cd": {
            "basic": 0.312,
            "evade": 0,
            "skill1": 6.19,
            "skill2": 0,
            "ultimate": 0,
          },
          "effects": [],
          "facing": 2.356,
          "hp": 146.446,
          "id": "p0",
          "kills": 0,
          "mana": 12.9,
          "shield": 0,
          "ult": 97.902,
          "x": 1345.352,
          "y": 770.325,
        },
        {
          "alive": false,
          "cd": {
            "basic": 0.219,
            "evade": 0,
            "skill1": 0.714,
            "skill2": 7.667,
            "ultimate": 0,
          },
          "effects": [],
          "facing": 0,
          "hp": 0,
          "id": "p1",
          "kills": 0,
          "mana": 69.1,
          "shield": 0,
          "ult": 91.654,
          "x": 1301.073,
          "y": 775.827,
        },
        {
          "alive": false,
          "cd": {
            "basic": 0.245,
            "evade": 0,
            "skill1": 0.524,
            "skill2": 2.905,
            "ultimate": 0,
          },
          "effects": [
            "burn",
            "slow",
          ],
          "facing": 1.571,
          "hp": 0,
          "id": "p2",
          "kills": 0,
          "mana": 23.5,
          "shield": 0,
          "ult": 49.444,
          "x": 1283.917,
          "y": 868.472,
        },
        {
          "alive": true,
          "cd": {
            "basic": 0,
            "evade": 0,
            "skill1": 8.19,
            "skill2": 0,
            "ultimate": 0,
          },
          "effects": [
            "burn",
            "overdrive",
            "reflect",
          ],
          "facing": 0,
          "hp": 480,
          "id": "p3",
          "kills": 0,
          "mana": 20.8,
          "shield": 195.51,
          "ult": 96.553,
          "x": 1246.299,
          "y": 850.004,
        },
        {
          "alive": true,
          "cd": {
            "basic": 0,
            "evade": 0,
            "skill1": 1.238,
            "skill2": 11,
            "ultimate": 11.571,
          },
          "effects": [
            "haste",
          ],
          "facing": 0,
          "hp": 200,
          "id": "p4",
          "kills": 1,
          "mana": 0.1,
          "shield": 152.087,
          "ult": 4.36,
          "x": 1083.914,
          "y": 845.784,
        },
        {
          "alive": true,
          "cd": {
            "basic": 0,
            "evade": 0,
            "skill1": 0,
            "skill2": 0,
            "ultimate": 10.784,
          },
          "effects": [
            "lifesteal",
            "rage",
          ],
          "facing": 0,
          "hp": 226.11,
          "id": "p5",
          "kills": 1,
          "mana": 39.4,
          "shield": 0,
          "ult": 7.104,
          "x": 1278.28,
          "y": 684.433,
        },
      ],
      "time": 11,
      "winner": null,
    },
    {
      "counts": {
        "fx": 16,
        "projectiles": 2,
        "zones": 2,
      },
      "phase": "playing",
      "players": [
        {
          "alive": true,
          "cd": {
            "basic": 0,
            "evade": 0,
            "skill1": 4.762,
            "skill2": 0,
            "ultimate": 0,
          },
          "effects": [],
          "facing": -1.571,
          "hp": 52.996,
          "id": "p0",
          "kills": 0,
          "mana": 15.9,
          "shield": 0,
          "ult": 100,
          "x": 1321.24,
          "y": 747.335,
        },
        {
          "alive": false,
          "cd": {
            "basic": 0.219,
            "evade": 0,
            "skill1": 0.714,
            "skill2": 7.667,
            "ultimate": 0,
          },
          "effects": [],
          "facing": 0,
          "hp": 0,
          "id": "p1",
          "kills": 0,
          "mana": 69.1,
          "shield": 0,
          "ult": 91.654,
          "x": 1301.073,
          "y": 775.827,
        },
        {
          "alive": false,
          "cd": {
            "basic": 0.245,
            "evade": 0,
            "skill1": 0.524,
            "skill2": 2.905,
            "ultimate": 0,
          },
          "effects": [
            "burn",
            "slow",
          ],
          "facing": 1.571,
          "hp": 0,
          "id": "p2",
          "kills": 0,
          "mana": 23.5,
          "shield": 0,
          "ult": 49.444,
          "x": 1283.917,
          "y": 868.472,
        },
        {
          "alive": true,
          "cd": {
            "basic": 0,
            "evade": 0,
            "skill1": 6.762,
            "skill2": 0,
            "ultimate": 0,
          },
          "effects": [
            "burn",
            "overdrive",
            "reflect",
          ],
          "facing": -1.571,
          "hp": 480,
          "id": "p3",
          "kills": 0,
          "mana": 23.8,
          "shield": 134.225,
          "ult": 100,
          "x": 1267.072,
          "y": 854.141,
        },
        {
          "alive": true,
          "cd": {
            "basic": 0.171,
            "evade": 0,
            "skill1": 0,
            "skill2": 9.571,
            "ultimate": 10.143,
          },
          "effects": [
            "haste",
          ],
          "facing": -1.571,
          "hp": 200,
          "id": "p4",
          "kills": 1,
          "mana": 3.1,
          "shield": 130.637,
          "ult": 18.02,
          "x": 1105.702,
          "y": 837.455,
        },
        {
          "alive": true,
          "cd": {
            "basic": 0.054,
            "evade": 0,
            "skill1": 0,
            "skill2": 8.644,
            "ultimate": 9.097,
          },
          "effects": [
            "lifesteal",
            "rage",
          ],
          "facing": 0.785,
          "hp": 170.41,
          "id": "p5",
          "kills": 1,
          "mana": 42.4,
          "shield": 0,
          "ult": 18.164,
          "x": 1189.261,
          "y": 667.859,
        },
      ],
      "time": 12,
      "winner": null,
    },
    {
      "counts": {
        "fx": 11,
        "projectiles": 2,
        "zones": 1,
      },
      "phase": "playing",
      "players": [
        {
          "alive": true,
          "cd": {
            "basic": 0.026,
            "evade": 0,
            "skill1": 3.333,
            "skill2": 0,
            "ultimate": 9.619,
          },
          "effects": [],
          "facing": -1.571,
          "hp": 58.996,
          "id": "p0",
          "kills": 0,
          "mana": 18.9,
          "shield": 248.138,
          "ult": 13.133,
          "x": 1267.756,
          "y": 777.954,
        },
        {
          "alive": false,
          "cd": {
            "basic": 0.219,
            "evade": 0,
            "skill1": 0.714,
            "skill2": 7.667,
            "ultimate": 0,
          },
          "effects": [],
          "facing": 0,
          "hp": 0,
          "id": "p1",
          "kills": 0,
          "mana": 69.1,
          "shield": 0,
          "ult": 91.654,
          "x": 1301.073,
          "y": 775.827,
        },
        {
          "alive": false,
          "cd": {
            "basic": 0.245,
            "evade": 0,
            "skill1": 0.524,
            "skill2": 2.905,
            "ultimate": 0,
          },
          "effects": [
            "burn",
            "slow",
          ],
          "facing": 1.571,
          "hp": 0,
          "id": "p2",
          "kills": 0,
          "mana": 23.5,
          "shield": 0,
          "ult": 49.444,
          "x": 1283.917,
          "y": 868.472,
        },
        {
          "alive": true,
          "cd": {
            "basic": 0,
            "evade": 0,
            "skill1": 5.333,
            "skill2": 0,
            "ultimate": 0,
          },
          "effects": [
            "burn",
            "overdrive",
            "reflect",
          ],
          "facing": -1.571,
          "hp": 480,
          "id": "p3",
          "kills": 0,
          "mana": 26.8,
          "shield": 11.655,
          "ult": 100,
          "x": 1228.217,
          "y": 918.16,
        },
        {
          "alive": true,
          "cd": {
            "basic": 0.457,
            "evade": 0,
            "skill1": 0,
            "skill2": 8.143,
            "ultimate": 8.714,
          },
          "effects": [
            "haste",
          ],
          "facing": -1.571,
          "hp": 200,
          "id": "p4",
          "kills": 1,
          "mana": 6.1,
          "shield": 125.222,
          "ult": 26.54,
          "x": 1105.849,
          "y": 850.916,
        },
        {
          "alive": true,
          "cd": {
            "basic": 0.394,
            "evade": 0,
            "skill1": 0,
            "skill2": 6.652,
            "ultimate": 7.105,
          },
          "effects": [
            "lifesteal",
            "rage",
          ],
          "facing": 0.785,
          "hp": 99.71,
          "id": "p5",
          "kills": 1,
          "mana": 45.4,
          "shield": 0,
          "ult": 29.224,
          "x": 1183.841,
          "y": 669.047,
        },
      ],
      "time": 13,
      "winner": null,
    },
    {
      "counts": {
        "fx": 9,
        "projectiles": 2,
        "zones": 1,
      },
      "phase": "playing",
      "players": [
        {
          "alive": true,
          "cd": {
            "basic": 0.312,
            "evade": 1.595,
            "skill1": 1.905,
            "skill2": 0,
            "ultimate": 8.19,
          },
          "effects": [],
          "facing": -1.571,
          "hp": 64.996,
          "id": "p0",
          "kills": 0,
          "mana": 21.9,
          "shield": 248.138,
          "ult": 21.133,
          "x": 1301.963,
          "y": 789.622,
        },
        {
          "alive": false,
          "cd": {
            "basic": 0.219,
            "evade": 0,
            "skill1": 0.714,
            "skill2": 7.667,
            "ultimate": 0,
          },
          "effects": [],
          "facing": 0,
          "hp": 0,
          "id": "p1",
          "kills": 0,
          "mana": 69.1,
          "shield": 0,
          "ult": 91.654,
          "x": 1301.073,
          "y": 775.827,
        },
        {
          "alive": false,
          "cd": {
            "basic": 0.245,
            "evade": 0,
            "skill1": 0.524,
            "skill2": 2.905,
            "ultimate": 0,
          },
          "effects": [
            "burn",
            "slow",
          ],
          "facing": 1.571,
          "hp": 0,
          "id": "p2",
          "kills": 0,
          "mana": 23.5,
          "shield": 0,
          "ult": 49.444,
          "x": 1283.917,
          "y": 868.472,
        },
        {
          "alive": true,
          "cd": {
            "basic": 0,
            "evade": 0,
            "skill1": 3.905,
            "skill2": 0,
            "ultimate": 0,
          },
          "effects": [
            "burn",
            "overdrive",
            "reflect",
          ],
          "facing": -1.571,
          "hp": 476.185,
          "id": "p3",
          "kills": 0,
          "mana": 29.8,
          "shield": 0,
          "ult": 100,
          "x": 1214.405,
          "y": 902.414,
        },
        {
          "alive": true,
          "cd": {
            "basic": 0,
            "evade": 0,
            "skill1": 0,
            "skill2": 6.714,
            "ultimate": 7.286,
          },
          "effects": [
            "haste",
          ],
          "facing": -1.571,
          "hp": 200,
          "id": "p4",
          "kills": 1,
          "mana": 9.1,
          "shield": 119.808,
          "ult": 35.06,
          "x": 1106.296,
          "y": 864.063,
        },
        {
          "alive": true,
          "cd": {
            "basic": 0,
            "evade": 0,
            "skill1": 5.415,
            "skill2": 4.669,
            "ultimate": 5.122,
          },
          "effects": [
            "lifesteal",
            "rage",
          ],
          "facing": 2.356,
          "hp": 105.51,
          "id": "p5",
          "kills": 1,
          "mana": 28.4,
          "shield": 0,
          "ult": 37.224,
          "x": 1438.952,
          "y": 722.669,
        },
      ],
      "time": 14,
      "winner": null,
    },
    {
      "counts": {
        "fx": 16,
        "projectiles": 1,
        "zones": 2,
      },
      "phase": "playing",
      "players": [
        {
          "alive": true,
          "cd": {
            "basic": 0,
            "evade": 0.167,
            "skill1": 0.476,
            "skill2": 0,
            "ultimate": 6.762,
          },
          "effects": [
            "burn",
          ],
          "facing": -1.571,
          "hp": 71.615,
          "id": "p0",
          "kills": 0,
          "mana": 24.9,
          "shield": 145.47,
          "ult": 29.653,
          "x": 1227.608,
          "y": 791.127,
        },
        {
          "alive": false,
          "cd": {
            "basic": 0.219,
            "evade": 0,
            "skill1": 0.714,
            "skill2": 7.667,
            "ultimate": 0,
          },
          "effects": [],
          "facing": 0,
          "hp": 0,
          "id": "p1",
          "kills": 0,
          "mana": 69.1,
          "shield": 0,
          "ult": 91.654,
          "x": 1301.073,
          "y": 775.827,
        },
        {
          "alive": false,
          "cd": {
            "basic": 0.245,
            "evade": 0,
            "skill1": 0.524,
            "skill2": 2.905,
            "ultimate": 0,
          },
          "effects": [
            "burn",
            "slow",
          ],
          "facing": 1.571,
          "hp": 0,
          "id": "p2",
          "kills": 0,
          "mana": 23.5,
          "shield": 0,
          "ult": 49.444,
          "x": 1283.917,
          "y": 868.472,
        },
        {
          "alive": true,
          "cd": {
            "basic": 0,
            "evade": 2.024,
            "skill1": 2.476,
            "skill2": 0,
            "ultimate": 13.333,
          },
          "effects": [
            "burn",
            "protect",
            "reflect",
          ],
          "facing": -0.785,
          "hp": 459.605,
          "id": "p3",
          "kills": 0,
          "mana": 32.8,
          "shield": 196.529,
          "ult": 5.565,
          "x": 1182.499,
          "y": 936.557,
        },
        {
          "alive": true,
          "cd": {
            "basic": 0,
            "evade": 0,
            "skill1": 0,
            "skill2": 5.286,
            "ultimate": 5.857,
          },
          "effects": [
            "haste",
            "stun",
          ],
          "facing": 1.571,
          "hp": 200,
          "id": "p4",
          "kills": 1,
          "mana": 12.1,
          "shield": 24.497,
          "ult": 43.9,
          "x": 1122.102,
          "y": 800.767,
        },
        {
          "alive": true,
          "cd": {
            "basic": 0.003,
            "evade": 0,
            "skill1": 3.45,
            "skill2": 2.703,
            "ultimate": 3.157,
          },
          "effects": [
            "burn",
            "lifesteal",
            "rage",
          ],
          "facing": -1.571,
          "hp": 104.51,
          "id": "p5",
          "kills": 1,
          "mana": 31.4,
          "shield": 0,
          "ult": 47.643,
          "x": 1271.112,
          "y": 794.622,
        },
      ],
      "time": 15,
      "winner": null,
    },
    {
      "counts": {
        "fx": 33,
        "projectiles": 1,
        "zones": 2,
      },
      "phase": "playing",
      "players": [
        {
          "alive": true,
          "cd": {
            "basic": 0.026,
            "evade": 0,
            "skill1": 0,
            "skill2": 0,
            "ultimate": 5.333,
          },
          "effects": [
            "burn",
            "root",
            "slow",
          ],
          "facing": 3.142,
          "hp": 77.615,
          "id": "p0",
          "kills": 0,
          "mana": 27.9,
          "shield": 63.592,
          "ult": 37.653,
          "x": 1220.775,
          "y": 668.604,
        },
        {
          "alive": false,
          "cd": {
            "basic": 0.219,
            "evade": 0,
            "skill1": 0.714,
            "skill2": 7.667,
            "ultimate": 0,
          },
          "effects": [],
          "facing": 0,
          "hp": 0,
          "id": "p1",
          "kills": 0,
          "mana": 69.1,
          "shield": 0,
          "ult": 91.654,
          "x": 1301.073,
          "y": 775.827,
        },
        {
          "alive": false,
          "cd": {
            "basic": 0.245,
            "evade": 0,
            "skill1": 0.524,
            "skill2": 2.905,
            "ultimate": 0,
          },
          "effects": [
            "burn",
            "slow",
          ],
          "facing": 1.571,
          "hp": 0,
          "id": "p2",
          "kills": 0,
          "mana": 23.5,
          "shield": 0,
          "ult": 49.444,
          "x": 1283.917,
          "y": 868.472,
        },
        {
          "alive": true,
          "cd": {
            "basic": 0.312,
            "evade": 0.595,
            "skill1": 1.048,
            "skill2": 10.762,
            "ultimate": 11.905,
          },
          "effects": [
            "burn",
            "protect",
            "reflect",
          ],
          "facing": 3.142,
          "hp": 471.665,
          "id": "p3",
          "kills": 0,
          "mana": 5.8,
          "shield": 181.786,
          "ult": 17.017,
          "x": 1193.013,
          "y": 668.434,
        },
        {
          "alive": true,
          "cd": {
            "basic": 0.457,
            "evade": 0,
            "skill1": 0,
            "skill2": 3.857,
            "ultimate": 4.429,
          },
          "effects": [
            "haste",
            "root",
            "slow",
          ],
          "facing": 3.142,
          "hp": 104.825,
          "id": "p4",
          "kills": 1,
          "mana": 15.1,
          "shield": 0,
          "ult": 58.012,
          "x": 1176.576,
          "y": 690.275,
        },
        {
          "alive": true,
          "cd": {
            "basic": 0.395,
            "evade": 1.56,
            "skill1": 1.457,
            "skill2": 0.711,
            "ultimate": 1.164,
          },
          "effects": [
            "burn",
            "lifesteal",
            "rage",
            "root",
            "slow",
          ],
          "facing": 3.142,
          "hp": 105.225,
          "id": "p5",
          "kills": 1,
          "mana": 34.4,
          "shield": 0,
          "ult": 58.465,
          "x": 1235.028,
          "y": 724.31,
        },
      ],
      "time": 16,
      "winner": null,
    },
    {
      "counts": {
        "fx": 24,
        "projectiles": 1,
        "zones": 0,
      },
      "phase": "playing",
      "players": [
        {
          "alive": true,
          "cd": {
            "basic": 0.312,
            "evade": 0,
            "skill1": 0,
            "skill2": 0,
            "ultimate": 3.905,
          },
          "effects": [
            "burn",
          ],
          "facing": 1.571,
          "hp": 84.499,
          "id": "p0",
          "kills": 0,
          "mana": 30.9,
          "shield": 31.468,
          "ult": 46.693,
          "x": 1208.944,
          "y": 657.763,
        },
        {
          "alive": false,
          "cd": {
            "basic": 0.219,
            "evade": 0,
            "skill1": 0.714,
            "skill2": 7.667,
            "ultimate": 0,
          },
          "effects": [],
          "facing": 0,
          "hp": 0,
          "id": "p1",
          "kills": 0,
          "mana": 69.1,
          "shield": 0,
          "ult": 91.654,
          "x": 1301.073,
          "y": 775.827,
        },
        {
          "alive": false,
          "cd": {
            "basic": 0.245,
            "evade": 0,
            "skill1": 0.524,
            "skill2": 2.905,
            "ultimate": 0,
          },
          "effects": [
            "burn",
            "slow",
          ],
          "facing": 1.571,
          "hp": 0,
          "id": "p2",
          "kills": 0,
          "mana": 23.5,
          "shield": 0,
          "ult": 49.444,
          "x": 1283.917,
          "y": 868.472,
        },
        {
          "alive": true,
          "cd": {
            "basic": 0,
            "evade": 0,
            "skill1": 0,
            "skill2": 9.333,
            "ultimate": 10.476,
          },
          "effects": [
            "burn",
            "overdrive",
            "protect",
            "reflect",
          ],
          "facing": 3.142,
          "hp": 480,
          "id": "p3",
          "kills": 0,
          "mana": 8.8,
          "shield": 139.908,
          "ult": 25.754,
          "x": 1204.592,
          "y": 755.309,
        },
        {
          "alive": true,
          "cd": {
            "basic": 0,
            "evade": 0,
            "skill1": 0,
            "skill2": 2.429,
            "ultimate": 3,
          },
          "effects": [
            "haste",
          ],
          "facing": 3.142,
          "hp": 132.297,
          "id": "p4",
          "kills": 1,
          "mana": 18.1,
          "shield": 0,
          "ult": 68.313,
          "x": 1178.887,
          "y": 676.619,
        },
        {
          "alive": true,
          "cd": {
            "basic": 0,
            "evade": 0,
            "skill1": 0,
            "skill2": 0,
            "ultimate": 0,
          },
          "effects": [
            "burn",
            "lifesteal",
            "rage",
          ],
          "facing": 3.142,
          "hp": 40.542,
          "id": "p5",
          "kills": 1,
          "mana": 37.4,
          "shield": 0,
          "ult": 70.433,
          "x": 1182.239,
          "y": 712.463,
        },
      ],
      "time": 17,
      "winner": null,
    },
    {
      "counts": {
        "fx": 7,
        "projectiles": 1,
        "zones": 0,
      },
      "phase": "playing",
      "players": [
        {
          "alive": true,
          "cd": {
            "basic": 0,
            "evade": 0,
            "skill1": 0,
            "skill2": 0,
            "ultimate": 2.476,
          },
          "effects": [
            "burn",
          ],
          "facing": 3.142,
          "hp": 90.499,
          "id": "p0",
          "kills": 0,
          "mana": 33.9,
          "shield": 22.968,
          "ult": 54.693,
          "x": 1231.703,
          "y": 732.973,
        },
        {
          "alive": false,
          "cd": {
            "basic": 0.219,
            "evade": 0,
            "skill1": 0.714,
            "skill2": 7.667,
            "ultimate": 0,
          },
          "effects": [],
          "facing": 0,
          "hp": 0,
          "id": "p1",
          "kills": 0,
          "mana": 69.1,
          "shield": 0,
          "ult": 91.654,
          "x": 1301.073,
          "y": 775.827,
        },
        {
          "alive": false,
          "cd": {
            "basic": 0.245,
            "evade": 0,
            "skill1": 0.524,
            "skill2": 2.905,
            "ultimate": 0,
          },
          "effects": [
            "burn",
            "slow",
          ],
          "facing": 1.571,
          "hp": 0,
          "id": "p2",
          "kills": 0,
          "mana": 23.5,
          "shield": 0,
          "ult": 49.444,
          "x": 1283.917,
          "y": 868.472,
        },
        {
          "alive": true,
          "cd": {
            "basic": 0,
            "evade": 0,
            "skill1": 0,
            "skill2": 7.905,
            "ultimate": 9.048,
          },
          "effects": [
            "burn",
            "overdrive",
            "protect",
            "reflect",
          ],
          "facing": 3.142,
          "hp": 480,
          "id": "p3",
          "kills": 0,
          "mana": 11.8,
          "shield": 131.62,
          "ult": 33.829,
          "x": 1215.24,
          "y": 765.122,
        },
        {
          "alive": true,
          "cd": {
            "basic": 0.171,
            "evade": 0,
            "skill1": 0,
            "skill2": 1,
            "ultimate": 1.571,
          },
          "effects": [],
          "facing": 3.142,
          "hp": 77.807,
          "id": "p4",
          "kills": 1,
          "mana": 21.1,
          "shield": 0,
          "ult": 79.813,
          "x": 1199.642,
          "y": 716.6,
        },
        {
          "alive": true,
          "cd": {
            "basic": 0,
            "evade": 0,
            "skill1": 0,
            "skill2": 0,
            "ultimate": 0,
          },
          "effects": [
            "burn",
            "lifesteal",
            "rage",
          ],
          "facing": 3.142,
          "hp": 80.278,
          "id": "p5",
          "kills": 1,
          "mana": 40.4,
          "shield": 0,
          "ult": 80.008,
          "x": 1167.857,
          "y": 756.696,
        },
      ],
      "time": 18,
      "winner": null,
    },
    {
      "counts": {
        "fx": 9,
        "projectiles": 1,
        "zones": 0,
      },
      "phase": "playing",
      "players": [
        {
          "alive": true,
          "cd": {
            "basic": 0.026,
            "evade": 0,
            "skill1": 7.619,
            "skill2": 0,
            "ultimate": 1.048,
          },
          "effects": [],
          "facing": 3.142,
          "hp": 71.109,
          "id": "p0",
          "kills": 0,
          "mana": 11.9,
          "shield": 0,
          "ult": 67.909,
          "x": 1217.312,
          "y": 764.946,
        },
        {
          "alive": false,
          "cd": {
            "basic": 0.219,
            "evade": 0,
            "skill1": 0.714,
            "skill2": 7.667,
            "ultimate": 0,
          },
          "effects": [],
          "facing": 0,
          "hp": 0,
          "id": "p1",
          "kills": 0,
          "mana": 69.1,
          "shield": 0,
          "ult": 91.654,
          "x": 1301.073,
          "y": 775.827,
        },
        {
          "alive": false,
          "cd": {
            "basic": 0.245,
            "evade": 0,
            "skill1": 0.524,
            "skill2": 2.905,
            "ultimate": 0,
          },
          "effects": [
            "burn",
            "slow",
          ],
          "facing": 1.571,
          "hp": 0,
          "id": "p2",
          "kills": 0,
          "mana": 23.5,
          "shield": 0,
          "ult": 49.444,
          "x": 1283.917,
          "y": 868.472,
        },
        {
          "alive": true,
          "cd": {
            "basic": 0.274,
            "evade": 0,
            "skill1": 0,
            "skill2": 6.476,
            "ultimate": 7.619,
          },
          "effects": [
            "overdrive",
            "protect",
            "reflect",
          ],
          "facing": 3.142,
          "hp": 480,
          "id": "p3",
          "kills": 0,
          "mana": 14.8,
          "shield": 104.012,
          "ult": 42.077,
          "x": 1225.65,
          "y": 851.645,
        },
        {
          "alive": true,
          "cd": {
            "basic": 0.457,
            "evade": 0,
            "skill1": 0,
            "skill2": 0,
            "ultimate": 0.143,
          },
          "effects": [],
          "facing": 3.142,
          "hp": 17.254,
          "id": "p4",
          "kills": 1,
          "mana": 24.1,
          "shield": 0,
          "ult": 91.555,
          "x": 1210.134,
          "y": 719.1,
        },
        {
          "alive": true,
          "cd": {
            "basic": 0.386,
            "evade": 0,
            "skill1": 0,
            "skill2": 0,
            "ultimate": 0,
          },
          "effects": [
            "lifesteal",
            "rage",
          ],
          "facing": 3.142,
          "hp": 18.078,
          "id": "p5",
          "kills": 1,
          "mana": 43.4,
          "shield": 0,
          "ult": 90.728,
          "x": 1111.444,
          "y": 846.848,
        },
      ],
      "time": 19,
      "winner": null,
    },
    {
      "counts": {
        "fx": 6,
        "projectiles": 0,
        "zones": 0,
      },
      "phase": "playing",
      "players": [
        {
          "alive": true,
          "cd": {
            "basic": 0.312,
            "evade": 0,
            "skill1": 6.19,
            "skill2": 0,
            "ultimate": 0,
          },
          "effects": [
            "slow",
          ],
          "facing": 1.571,
          "hp": 51.767,
          "id": "p0",
          "kills": 1,
          "mana": 14.9,
          "shield": 0,
          "ult": 78.004,
          "x": 1211.267,
          "y": 727.838,
        },
        {
          "alive": false,
          "cd": {
            "basic": 0.219,
            "evade": 0,
            "skill1": 0.714,
            "skill2": 7.667,
            "ultimate": 0,
          },
          "effects": [],
          "facing": 0,
          "hp": 0,
          "id": "p1",
          "kills": 0,
          "mana": 69.1,
          "shield": 0,
          "ult": 91.654,
          "x": 1301.073,
          "y": 775.827,
        },
        {
          "alive": false,
          "cd": {
            "basic": 0.245,
            "evade": 0,
            "skill1": 0.524,
            "skill2": 2.905,
            "ultimate": 0,
          },
          "effects": [
            "burn",
            "slow",
          ],
          "facing": 1.571,
          "hp": 0,
          "id": "p2",
          "kills": 0,
          "mana": 23.5,
          "shield": 0,
          "ult": 49.444,
          "x": 1283.917,
          "y": 868.472,
        },
        {
          "alive": true,
          "cd": {
            "basic": 0,
            "evade": 0,
            "skill1": 0,
            "skill2": 5.048,
            "ultimate": 6.19,
          },
          "effects": [
            "overdrive",
            "protect",
            "reflect",
          ],
          "facing": 1.571,
          "hp": 480,
          "id": "p3",
          "kills": 1,
          "mana": 17.8,
          "shield": 95.04,
          "ult": 50.958,
          "x": 1236.032,
          "y": 868.571,
        },
        {
          "alive": false,
          "cd": {
            "basic": 0.171,
            "evade": 0,
            "skill1": 0,
            "skill2": 0,
            "ultimate": 0,
          },
          "effects": [],
          "facing": 3.142,
          "hp": 0,
          "id": "p4",
          "kills": 1,
          "mana": 24.7,
          "shield": 0,
          "ult": 94.195,
          "x": 1177.946,
          "y": 720.85,
        },
        {
          "alive": false,
          "cd": {
            "basic": 0,
            "evade": 0,
            "skill1": 6.555,
            "skill2": 0,
            "ultimate": 0,
          },
          "effects": [
            "slow",
          ],
          "facing": -0.785,
          "hp": 0,
          "id": "p5",
          "kills": 1,
          "mana": 24.6,
          "shield": 0,
          "ult": 94.846,
          "x": 1154.924,
          "y": 765.544,
        },
      ],
      "time": 20,
      "winner": null,
    },
    {
      "counts": {
        "fx": 0,
        "projectiles": 0,
        "zones": 0,
      },
      "phase": "playing",
      "players": [
        {
          "alive": true,
          "cd": {
            "basic": 0,
            "evade": 1.119,
            "skill1": 4.762,
            "skill2": 0,
            "ultimate": 0,
          },
          "effects": [],
          "facing": 1.571,
          "hp": 57.767,
          "id": "p0",
          "kills": 1,
          "mana": 17.9,
          "shield": 0,
          "ult": 86.004,
          "x": 1169.854,
          "y": 772.818,
        },
        {
          "alive": false,
          "cd": {
            "basic": 0.219,
            "evade": 0,
            "skill1": 0.714,
            "skill2": 7.667,
            "ultimate": 0,
          },
          "effects": [],
          "facing": 0,
          "hp": 0,
          "id": "p1",
          "kills": 0,
          "mana": 69.1,
          "shield": 0,
          "ult": 91.654,
          "x": 1301.073,
          "y": 775.827,
        },
        {
          "alive": false,
          "cd": {
            "basic": 0.245,
            "evade": 0,
            "skill1": 0.524,
            "skill2": 2.905,
            "ultimate": 0,
          },
          "effects": [
            "burn",
            "slow",
          ],
          "facing": 1.571,
          "hp": 0,
          "id": "p2",
          "kills": 0,
          "mana": 23.5,
          "shield": 0,
          "ult": 49.444,
          "x": 1283.917,
          "y": 868.472,
        },
        {
          "alive": true,
          "cd": {
            "basic": 0,
            "evade": 0,
            "skill1": 0,
            "skill2": 3.619,
            "ultimate": 4.762,
          },
          "effects": [
            "overdrive",
          ],
          "facing": 1.571,
          "hp": 480,
          "id": "p3",
          "kills": 1,
          "mana": 20.8,
          "shield": 0,
          "ult": 58.958,
          "x": 1237.184,
          "y": 864.581,
        },
        {
          "alive": false,
          "cd": {
            "basic": 0.171,
            "evade": 0,
            "skill1": 0,
            "skill2": 0,
            "ultimate": 0,
          },
          "effects": [],
          "facing": 3.142,
          "hp": 0,
          "id": "p4",
          "kills": 1,
          "mana": 24.7,
          "shield": 0,
          "ult": 94.195,
          "x": 1177.946,
          "y": 720.85,
        },
        {
          "alive": false,
          "cd": {
            "basic": 0,
            "evade": 0,
            "skill1": 6.555,
            "skill2": 0,
            "ultimate": 0,
          },
          "effects": [
            "slow",
          ],
          "facing": -0.785,
          "hp": 0,
          "id": "p5",
          "kills": 1,
          "mana": 24.6,
          "shield": 0,
          "ult": 94.846,
          "x": 1154.924,
          "y": 765.544,
        },
      ],
      "time": 21,
      "winner": null,
    },
    {
      "counts": {
        "fx": 0,
        "projectiles": 0,
        "zones": 0,
      },
      "phase": "playing",
      "players": [
        {
          "alive": true,
          "cd": {
            "basic": 0.026,
            "evade": 0,
            "skill1": 3.333,
            "skill2": 0,
            "ultimate": 0,
          },
          "effects": [],
          "facing": 1.571,
          "hp": 63.767,
          "id": "p0",
          "kills": 1,
          "mana": 20.9,
          "shield": 0,
          "ult": 94.004,
          "x": 1169.363,
          "y": 760.255,
        },
        {
          "alive": false,
          "cd": {
            "basic": 0.219,
            "evade": 0,
            "skill1": 0.714,
            "skill2": 7.667,
            "ultimate": 0,
          },
          "effects": [],
          "facing": 0,
          "hp": 0,
          "id": "p1",
          "kills": 0,
          "mana": 69.1,
          "shield": 0,
          "ult": 91.654,
          "x": 1301.073,
          "y": 775.827,
        },
        {
          "alive": false,
          "cd": {
            "basic": 0.245,
            "evade": 0,
            "skill1": 0.524,
            "skill2": 2.905,
            "ultimate": 0,
          },
          "effects": [
            "burn",
            "slow",
          ],
          "facing": 1.571,
          "hp": 0,
          "id": "p2",
          "kills": 0,
          "mana": 23.5,
          "shield": 0,
          "ult": 49.444,
          "x": 1283.917,
          "y": 868.472,
        },
        {
          "alive": true,
          "cd": {
            "basic": 0.274,
            "evade": 1.548,
            "skill1": 0,
            "skill2": 2.19,
            "ultimate": 3.333,
          },
          "effects": [
            "overdrive",
          ],
          "facing": 1.571,
          "hp": 480,
          "id": "p3",
          "kills": 1,
          "mana": 23.8,
          "shield": 0,
          "ult": 66.958,
          "x": 1157.49,
          "y": 854.39,
        },
        {
          "alive": false,
          "cd": {
            "basic": 0.171,
            "evade": 0,
            "skill1": 0,
            "skill2": 0,
            "ultimate": 0,
          },
          "effects": [],
          "facing": 3.142,
          "hp": 0,
          "id": "p4",
          "kills": 1,
          "mana": 24.7,
          "shield": 0,
          "ult": 94.195,
          "x": 1177.946,
          "y": 720.85,
        },
        {
          "alive": false,
          "cd": {
            "basic": 0,
            "evade": 0,
            "skill1": 6.555,
            "skill2": 0,
            "ultimate": 0,
          },
          "effects": [
            "slow",
          ],
          "facing": -0.785,
          "hp": 0,
          "id": "p5",
          "kills": 1,
          "mana": 24.6,
          "shield": 0,
          "ult": 94.846,
          "x": 1154.924,
          "y": 765.544,
        },
      ],
      "time": 22,
      "winner": null,
    },
    {
      "counts": {
        "fx": 1,
        "projectiles": 0,
        "zones": 0,
      },
      "phase": "playing",
      "players": [
        {
          "alive": true,
          "cd": {
            "basic": 0.312,
            "evade": 0,
            "skill1": 1.905,
            "skill2": 0,
            "ultimate": 0,
          },
          "effects": [
            "slow",
          ],
          "facing": 1.571,
          "hp": 46.817,
          "id": "p0",
          "kills": 1,
          "mana": 23.9,
          "shield": 0,
          "ult": 100,
          "x": 1156.722,
          "y": 734.688,
        },
        {
          "alive": false,
          "cd": {
            "basic": 0.219,
            "evade": 0,
            "skill1": 0.714,
            "skill2": 7.667,
            "ultimate": 0,
          },
          "effects": [],
          "facing": 0,
          "hp": 0,
          "id": "p1",
          "kills": 0,
          "mana": 69.1,
          "shield": 0,
          "ult": 91.654,
          "x": 1301.073,
          "y": 775.827,
        },
        {
          "alive": false,
          "cd": {
            "basic": 0.245,
            "evade": 0,
            "skill1": 0.524,
            "skill2": 2.905,
            "ultimate": 0,
          },
          "effects": [
            "burn",
            "slow",
          ],
          "facing": 1.571,
          "hp": 0,
          "id": "p2",
          "kills": 0,
          "mana": 23.5,
          "shield": 0,
          "ult": 49.444,
          "x": 1283.917,
          "y": 868.472,
        },
        {
          "alive": true,
          "cd": {
            "basic": 0,
            "evade": 0.119,
            "skill1": 0,
            "skill2": 0.762,
            "ultimate": 1.905,
          },
          "effects": [
            "overdrive",
          ],
          "facing": 1.571,
          "hp": 480,
          "id": "p3",
          "kills": 1,
          "mana": 26.8,
          "shield": 0,
          "ult": 75.358,
          "x": 1155.457,
          "y": 844.606,
        },
        {
          "alive": false,
          "cd": {
            "basic": 0.171,
            "evade": 0,
            "skill1": 0,
            "skill2": 0,
            "ultimate": 0,
          },
          "effects": [],
          "facing": 3.142,
          "hp": 0,
          "id": "p4",
          "kills": 1,
          "mana": 24.7,
          "shield": 0,
          "ult": 94.195,
          "x": 1177.946,
          "y": 720.85,
        },
        {
          "alive": false,
          "cd": {
            "basic": 0,
            "evade": 0,
            "skill1": 6.555,
            "skill2": 0,
            "ultimate": 0,
          },
          "effects": [
            "slow",
          ],
          "facing": -0.785,
          "hp": 0,
          "id": "p5",
          "kills": 1,
          "mana": 24.6,
          "shield": 0,
          "ult": 94.846,
          "x": 1154.924,
          "y": 765.544,
        },
      ],
      "time": 23,
      "winner": null,
    },
    {
      "counts": {
        "fx": 1,
        "projectiles": 0,
        "zones": 0,
      },
      "phase": "playing",
      "players": [
        {
          "alive": true,
          "cd": {
            "basic": 0,
            "evade": 0,
            "skill1": 0.476,
            "skill2": 0,
            "ultimate": 0,
          },
          "effects": [
            "slow",
          ],
          "facing": 0,
          "hp": 29.867,
          "id": "p0",
          "kills": 1,
          "mana": 26.9,
          "shield": 0,
          "ult": 100,
          "x": 1140.372,
          "y": 698.143,
        },
        {
          "alive": false,
          "cd": {
            "basic": 0.219,
            "evade": 0,
            "skill1": 0.714,
            "skill2": 7.667,
            "ultimate": 0,
          },
          "effects": [],
          "facing": 0,
          "hp": 0,
          "id": "p1",
          "kills": 0,
          "mana": 69.1,
          "shield": 0,
          "ult": 91.654,
          "x": 1301.073,
          "y": 775.827,
        },
        {
          "alive": false,
          "cd": {
            "basic": 0.245,
            "evade": 0,
            "skill1": 0.524,
            "skill2": 2.905,
            "ultimate": 0,
          },
          "effects": [
            "burn",
            "slow",
          ],
          "facing": 1.571,
          "hp": 0,
          "id": "p2",
          "kills": 0,
          "mana": 23.5,
          "shield": 0,
          "ult": 49.444,
          "x": 1283.917,
          "y": 868.472,
        },
        {
          "alive": true,
          "cd": {
            "basic": 0,
            "evade": 0,
            "skill1": 0,
            "skill2": 0,
            "ultimate": 0.476,
          },
          "effects": [
            "overdrive",
          ],
          "facing": 0,
          "hp": 480,
          "id": "p3",
          "kills": 1,
          "mana": 29.8,
          "shield": 0,
          "ult": 83.758,
          "x": 1150.953,
          "y": 838.082,
        },
        {
          "alive": false,
          "cd": {
            "basic": 0.171,
            "evade": 0,
            "skill1": 0,
            "skill2": 0,
            "ultimate": 0,
          },
          "effects": [],
          "facing": 3.142,
          "hp": 0,
          "id": "p4",
          "kills": 1,
          "mana": 24.7,
          "shield": 0,
          "ult": 94.195,
          "x": 1177.946,
          "y": 720.85,
        },
        {
          "alive": false,
          "cd": {
            "basic": 0,
            "evade": 0,
            "skill1": 6.555,
            "skill2": 0,
            "ultimate": 0,
          },
          "effects": [
            "slow",
          ],
          "facing": -0.785,
          "hp": 0,
          "id": "p5",
          "kills": 1,
          "mana": 24.6,
          "shield": 0,
          "ult": 94.846,
          "x": 1154.924,
          "y": 765.544,
        },
      ],
      "time": 24,
      "winner": null,
    },
    {
      "counts": {
        "fx": 1,
        "projectiles": 0,
        "zones": 0,
      },
      "phase": "playing",
      "players": [
        {
          "alive": true,
          "cd": {
            "basic": 0.026,
            "evade": 0,
            "skill1": 0,
            "skill2": 0,
            "ultimate": 9.619,
          },
          "effects": [],
          "facing": 0,
          "hp": 36.486,
          "id": "p0",
          "kills": 1,
          "mana": 29.9,
          "shield": 280,
          "ult": 9.533,
          "x": 1134.688,
          "y": 716.995,
        },
        {
          "alive": false,
          "cd": {
            "basic": 0.219,
            "evade": 0,
            "skill1": 0.714,
            "skill2": 7.667,
            "ultimate": 0,
          },
          "effects": [],
          "facing": 0,
          "hp": 0,
          "id": "p1",
          "kills": 0,
          "mana": 69.1,
          "shield": 0,
          "ult": 91.654,
          "x": 1301.073,
          "y": 775.827,
        },
        {
          "alive": false,
          "cd": {
            "basic": 0.245,
            "evade": 0,
            "skill1": 0.524,
            "skill2": 2.905,
            "ultimate": 0,
          },
          "effects": [
            "burn",
            "slow",
          ],
          "facing": 1.571,
          "hp": 0,
          "id": "p2",
          "kills": 0,
          "mana": 23.5,
          "shield": 0,
          "ult": 49.444,
          "x": 1283.917,
          "y": 868.472,
        },
        {
          "alive": true,
          "cd": {
            "basic": 0,
            "evade": 0,
            "skill1": 0,
            "skill2": 0,
            "ultimate": 0,
          },
          "effects": [
            "overdrive",
          ],
          "facing": 0,
          "hp": 420.58,
          "id": "p3",
          "kills": 1,
          "mana": 32.8,
          "shield": 0,
          "ult": 94.519,
          "x": 1184.251,
          "y": 920.195,
        },
        {
          "alive": false,
          "cd": {
            "basic": 0.171,
            "evade": 0,
            "skill1": 0,
            "skill2": 0,
            "ultimate": 0,
          },
          "effects": [],
          "facing": 3.142,
          "hp": 0,
          "id": "p4",
          "kills": 1,
          "mana": 24.7,
          "shield": 0,
          "ult": 94.195,
          "x": 1177.946,
          "y": 720.85,
        },
        {
          "alive": false,
          "cd": {
            "basic": 0,
            "evade": 0,
            "skill1": 6.555,
            "skill2": 0,
            "ultimate": 0,
          },
          "effects": [
            "slow",
          ],
          "facing": -0.785,
          "hp": 0,
          "id": "p5",
          "kills": 1,
          "mana": 24.6,
          "shield": 0,
          "ult": 94.846,
          "x": 1154.924,
          "y": 765.544,
        },
      ],
      "time": 25,
      "winner": null,
    },
    {
      "counts": {
        "fx": 1,
        "projectiles": 0,
        "zones": 0,
      },
      "phase": "playing",
      "players": [
        {
          "alive": true,
          "cd": {
            "basic": 0.312,
            "evade": 0,
            "skill1": 0,
            "skill2": 0,
            "ultimate": 8.19,
          },
          "effects": [],
          "facing": 0,
          "hp": 43.105,
          "id": "p0",
          "kills": 1,
          "mana": 32.9,
          "shield": 280,
          "ult": 18.053,
          "x": 1122.103,
          "y": 717.534,
        },
        {
          "alive": false,
          "cd": {
            "basic": 0.219,
            "evade": 0,
            "skill1": 0.714,
            "skill2": 7.667,
            "ultimate": 0,
          },
          "effects": [],
          "facing": 0,
          "hp": 0,
          "id": "p1",
          "kills": 0,
          "mana": 69.1,
          "shield": 0,
          "ult": 91.654,
          "x": 1301.073,
          "y": 775.827,
        },
        {
          "alive": false,
          "cd": {
            "basic": 0.245,
            "evade": 0,
            "skill1": 0.524,
            "skill2": 2.905,
            "ultimate": 0,
          },
          "effects": [
            "burn",
            "slow",
          ],
          "facing": 1.571,
          "hp": 0,
          "id": "p2",
          "kills": 0,
          "mana": 23.5,
          "shield": 0,
          "ult": 49.444,
          "x": 1283.917,
          "y": 868.472,
        },
        {
          "alive": true,
          "cd": {
            "basic": 0,
            "evade": 0,
            "skill1": 0,
            "skill2": 0,
            "ultimate": 0,
          },
          "effects": [
            "overdrive",
          ],
          "facing": 0,
          "hp": 414.71,
          "id": "p3",
          "kills": 1,
          "mana": 35.8,
          "shield": 0,
          "ult": 100,
          "x": 1195.227,
          "y": 883.796,
        },
        {
          "alive": false,
          "cd": {
            "basic": 0.171,
            "evade": 0,
            "skill1": 0,
            "skill2": 0,
            "ultimate": 0,
          },
          "effects": [],
          "facing": 3.142,
          "hp": 0,
          "id": "p4",
          "kills": 1,
          "mana": 24.7,
          "shield": 0,
          "ult": 94.195,
          "x": 1177.946,
          "y": 720.85,
        },
        {
          "alive": false,
          "cd": {
            "basic": 0,
            "evade": 0,
            "skill1": 6.555,
            "skill2": 0,
            "ultimate": 0,
          },
          "effects": [
            "slow",
          ],
          "facing": -0.785,
          "hp": 0,
          "id": "p5",
          "kills": 1,
          "mana": 24.6,
          "shield": 0,
          "ult": 94.846,
          "x": 1154.924,
          "y": 765.544,
        },
      ],
      "time": 26,
      "winner": null,
    },
    {
      "counts": {
        "fx": 4,
        "projectiles": 0,
        "zones": 1,
      },
      "phase": "playing",
      "players": [
        {
          "alive": true,
          "cd": {
            "basic": 0,
            "evade": 0,
            "skill1": 0,
            "skill2": 0,
            "ultimate": 6.762,
          },
          "effects": [
            "stun",
          ],
          "facing": 3.142,
          "hp": 49.105,
          "id": "p0",
          "kills": 1,
          "mana": 35.9,
          "shield": 203.5,
          "ult": 26.053,
          "x": 1130.925,
          "y": 701.441,
        },
        {
          "alive": false,
          "cd": {
            "basic": 0.219,
            "evade": 0,
            "skill1": 0.714,
            "skill2": 7.667,
            "ultimate": 0,
          },
          "effects": [],
          "facing": 0,
          "hp": 0,
          "id": "p1",
          "kills": 0,
          "mana": 69.1,
          "shield": 0,
          "ult": 91.654,
          "x": 1301.073,
          "y": 775.827,
        },
        {
          "alive": false,
          "cd": {
            "basic": 0.245,
            "evade": 0,
            "skill1": 0.524,
            "skill2": 2.905,
            "ultimate": 0,
          },
          "effects": [
            "burn",
            "slow",
          ],
          "facing": 1.571,
          "hp": 0,
          "id": "p2",
          "kills": 0,
          "mana": 23.5,
          "shield": 0,
          "ult": 49.444,
          "x": 1283.917,
          "y": 868.472,
        },
        {
          "alive": true,
          "cd": {
            "basic": 0,
            "evade": 0,
            "skill1": 0,
            "skill2": 0,
            "ultimate": 13.333,
          },
          "effects": [
            "protect",
            "reflect",
          ],
          "facing": 0,
          "hp": 424.31,
          "id": "p3",
          "kills": 1,
          "mana": 38.8,
          "shield": 200,
          "ult": 5.533,
          "x": 1184.562,
          "y": 887.262,
        },
        {
          "alive": false,
          "cd": {
            "basic": 0.171,
            "evade": 0,
            "skill1": 0,
            "skill2": 0,
            "ultimate": 0,
          },
          "effects": [],
          "facing": 3.142,
          "hp": 0,
          "id": "p4",
          "kills": 1,
          "mana": 24.7,
          "shield": 0,
          "ult": 94.195,
          "x": 1177.946,
          "y": 720.85,
        },
        {
          "alive": false,
          "cd": {
            "basic": 0,
            "evade": 0,
            "skill1": 6.555,
            "skill2": 0,
            "ultimate": 0,
          },
          "effects": [
            "slow",
          ],
          "facing": -0.785,
          "hp": 0,
          "id": "p5",
          "kills": 1,
          "mana": 24.6,
          "shield": 0,
          "ult": 94.846,
          "x": 1154.924,
          "y": 765.544,
        },
      ],
      "time": 27,
      "winner": null,
    },
    {
      "counts": {
        "fx": 4,
        "projectiles": 0,
        "zones": 0,
      },
      "phase": "playing",
      "players": [
        {
          "alive": true,
          "cd": {
            "basic": 0.026,
            "evade": 0,
            "skill1": 0,
            "skill2": 0,
            "ultimate": 5.333,
          },
          "effects": [],
          "facing": -1.571,
          "hp": 55.105,
          "id": "p0",
          "kills": 1,
          "mana": 38.9,
          "shield": 203.5,
          "ult": 34.053,
          "x": 1099.075,
          "y": 723.617,
        },
        {
          "alive": false,
          "cd": {
            "basic": 0.219,
            "evade": 0,
            "skill1": 0.714,
            "skill2": 7.667,
            "ultimate": 0,
          },
          "effects": [],
          "facing": 0,
          "hp": 0,
          "id": "p1",
          "kills": 0,
          "mana": 69.1,
          "shield": 0,
          "ult": 91.654,
          "x": 1301.073,
          "y": 775.827,
        },
        {
          "alive": false,
          "cd": {
            "basic": 0.245,
            "evade": 0,
            "skill1": 0.524,
            "skill2": 2.905,
            "ultimate": 0,
          },
          "effects": [
            "burn",
            "slow",
          ],
          "facing": 1.571,
          "hp": 0,
          "id": "p2",
          "kills": 0,
          "mana": 23.5,
          "shield": 0,
          "ult": 49.444,
          "x": 1283.917,
          "y": 868.472,
        },
        {
          "alive": true,
          "cd": {
            "basic": 0.312,
            "evade": 2.5,
            "skill1": 9.619,
            "skill2": 0,
            "ultimate": 11.905,
          },
          "effects": [
            "evading",
            "protect",
            "reflect",
          ],
          "facing": -1.571,
          "hp": 433.91,
          "id": "p3",
          "kills": 1,
          "mana": 16.8,
          "shield": 280,
          "ult": 13.533,
          "x": 1178.936,
          "y": 891.109,
        },
        {
          "alive": false,
          "cd": {
            "basic": 0.171,
            "evade": 0,
            "skill1": 0,
            "skill2": 0,
            "ultimate": 0,
          },
          "effects": [],
          "facing": 3.142,
          "hp": 0,
          "id": "p4",
          "kills": 1,
          "mana": 24.7,
          "shield": 0,
          "ult": 94.195,
          "x": 1177.946,
          "y": 720.85,
        },
        {
          "alive": false,
          "cd": {
            "basic": 0,
            "evade": 0,
            "skill1": 6.555,
            "skill2": 0,
            "ultimate": 0,
          },
          "effects": [
            "slow",
          ],
          "facing": -0.785,
          "hp": 0,
          "id": "p5",
          "kills": 1,
          "mana": 24.6,
          "shield": 0,
          "ult": 94.846,
          "x": 1154.924,
          "y": 765.544,
        },
      ],
      "time": 28,
      "winner": null,
    },
    {
      "counts": {
        "fx": 1,
        "projectiles": 0,
        "zones": 0,
      },
      "phase": "playing",
      "players": [
        {
          "alive": true,
          "cd": {
            "basic": 0.312,
            "evade": 0,
            "skill1": 0,
            "skill2": 9.619,
            "ultimate": 3.905,
          },
          "effects": [],
          "facing": -1.571,
          "hp": 61.105,
          "id": "p0",
          "kills": 1,
          "mana": 11.9,
          "shield": 203.5,
          "ult": 42.053,
          "x": 1101.212,
          "y": 741.422,
        },
        {
          "alive": false,
          "cd": {
            "basic": 0.219,
            "evade": 0,
            "skill1": 0.714,
            "skill2": 7.667,
            "ultimate": 0,
          },
          "effects": [],
          "facing": 0,
          "hp": 0,
          "id": "p1",
          "kills": 0,
          "mana": 69.1,
          "shield": 0,
          "ult": 91.654,
          "x": 1301.073,
          "y": 775.827,
        },
        {
          "alive": false,
          "cd": {
            "basic": 0.245,
            "evade": 0,
            "skill1": 0.524,
            "skill2": 2.905,
            "ultimate": 0,
          },
          "effects": [
            "burn",
            "slow",
          ],
          "facing": 1.571,
          "hp": 0,
          "id": "p2",
          "kills": 0,
          "mana": 23.5,
          "shield": 0,
          "ult": 49.444,
          "x": 1283.917,
          "y": 868.472,
        },
        {
          "alive": true,
          "cd": {
            "basic": 0,
            "evade": 1.071,
            "skill1": 8.19,
            "skill2": 0,
            "ultimate": 10.476,
          },
          "effects": [
            "protect",
            "reflect",
          ],
          "facing": -1.571,
          "hp": 443.51,
          "id": "p3",
          "kills": 1,
          "mana": 19.8,
          "shield": 280,
          "ult": 21.533,
          "x": 1178.502,
          "y": 820.564,
        },
        {
          "alive": false,
          "cd": {
            "basic": 0.171,
            "evade": 0,
            "skill1": 0,
            "skill2": 0,
            "ultimate": 0,
          },
          "effects": [],
          "facing": 3.142,
          "hp": 0,
          "id": "p4",
          "kills": 1,
          "mana": 24.7,
          "shield": 0,
          "ult": 94.195,
          "x": 1177.946,
          "y": 720.85,
        },
        {
          "alive": false,
          "cd": {
            "basic": 0,
            "evade": 0,
            "skill1": 6.555,
            "skill2": 0,
            "ultimate": 0,
          },
          "effects": [
            "slow",
          ],
          "facing": -0.785,
          "hp": 0,
          "id": "p5",
          "kills": 1,
          "mana": 24.6,
          "shield": 0,
          "ult": 94.846,
          "x": 1154.924,
          "y": 765.544,
        },
      ],
      "time": 29,
      "winner": null,
    },
    {
      "counts": {
        "fx": 0,
        "projectiles": 0,
        "zones": 0,
      },
      "phase": "playing",
      "players": [
        {
          "alive": true,
          "cd": {
            "basic": 0,
            "evade": 0,
            "skill1": 0,
            "skill2": 8.19,
            "ultimate": 2.476,
          },
          "effects": [],
          "facing": -1.571,
          "hp": 67.105,
          "id": "p0",
          "kills": 1,
          "mana": 14.9,
          "shield": 203.5,
          "ult": 50.053,
          "x": 1101.641,
          "y": 754.053,
        },
        {
          "alive": false,
          "cd": {
            "basic": 0.219,
            "evade": 0,
            "skill1": 0.714,
            "skill2": 7.667,
            "ultimate": 0,
          },
          "effects": [],
          "facing": 0,
          "hp": 0,
          "id": "p1",
          "kills": 0,
          "mana": 69.1,
          "shield": 0,
          "ult": 91.654,
          "x": 1301.073,
          "y": 775.827,
        },
        {
          "alive": false,
          "cd": {
            "basic": 0.245,
            "evade": 0,
            "skill1": 0.524,
            "skill2": 2.905,
            "ultimate": 0,
          },
          "effects": [
            "burn",
            "slow",
          ],
          "facing": 1.571,
          "hp": 0,
          "id": "p2",
          "kills": 0,
          "mana": 23.5,
          "shield": 0,
          "ult": 49.444,
          "x": 1283.917,
          "y": 868.472,
        },
        {
          "alive": true,
          "cd": {
            "basic": 0.026,
            "evade": 0,
            "skill1": 6.762,
            "skill2": 0,
            "ultimate": 9.048,
          },
          "effects": [
            "protect",
            "reflect",
          ],
          "facing": -1.571,
          "hp": 453.11,
          "id": "p3",
          "kills": 1,
          "mana": 22.8,
          "shield": 280,
          "ult": 29.533,
          "x": 1178.815,
          "y": 829.731,
        },
        {
          "alive": false,
          "cd": {
            "basic": 0.171,
            "evade": 0,
            "skill1": 0,
            "skill2": 0,
            "ultimate": 0,
          },
          "effects": [],
          "facing": 3.142,
          "hp": 0,
          "id": "p4",
          "kills": 1,
          "mana": 24.7,
          "shield": 0,
          "ult": 94.195,
          "x": 1177.946,
          "y": 720.85,
        },
        {
          "alive": false,
          "cd": {
            "basic": 0,
            "evade": 0,
            "skill1": 6.555,
            "skill2": 0,
            "ultimate": 0,
          },
          "effects": [
            "slow",
          ],
          "facing": -0.785,
          "hp": 0,
          "id": "p5",
          "kills": 1,
          "mana": 24.6,
          "shield": 0,
          "ult": 94.846,
          "x": 1154.924,
          "y": 765.544,
        },
      ],
      "time": 30,
      "winner": null,
    },
  ],
}
`;
